index.tsx(4,17): error TS2307: Cannot find module './App' or its corresponding type declarations.
src/components/AIKnowledgeManager.tsx(72,21): error TS2554: Expected 3-4 arguments, but got 5.
src/components/AIKnowledgeManager.tsx(170,48): error TS2554: Expected 1 arguments, but got 3.
src/components/chat/ChatContainer.tsx(4,30): error TS2307: Cannot find module '../../context/ChatContext' or its corresponding type declarations.
src/components/chat/JsonDataChatPanel.tsx(7,5): error TS2305: Module '"@/services/jsonDataSourceService"' has no exported member 'LARGE_FILE_THRESHOLD'.
src/components/ContractOrganizer.tsx(377,64): error TS2345: Argument of type 'File' is not assignable to parameter of type 'string'.
src/components/ContractOrganizer.tsx(409,64): error TS2345: Argument of type 'File' is not assignable to parameter of type 'string'.
src/components/ContractSectionsTabs.tsx(5,36): error TS2305: Module '"@/services/supabaseService"' has no exported member 'ContractCategory'.
src/hooks/useAdminEditor.ts(105,44): error TS2554: Expected 0 arguments, but got 1.
src/hooks/useAdminEditor.ts(106,41): error TS2554: Expected 0 arguments, but got 1.
src/hooks/useAdminEditor.ts(131,61): error TS2554: Expected 0 arguments, but got 1.
src/hooks/useAdminEditor.ts(143,58): error TS2554: Expected 0 arguments, but got 1.
src/hooks/useAdminEditor.ts(156,9): error TS2554: Expected 0 arguments, but got 3.
src/hooks/useAdminEditor.ts(172,47): error TS2554: Expected 0 arguments, but got 3.
src/hooks/useAdminEditor.ts(187,50): error TS2554: Expected 0 arguments, but got 3.
src/hooks/useAdminEditor.ts(200,47): error TS2554: Expected 0 arguments, but got 1.
src/hooks/useAdminEditor.ts(224,9): error TS2554: Expected 0 arguments, but got 2.
src/hooks/useAdminEditor.ts(245,63): error TS2554: Expected 0 arguments, but got 1.
src/hooks/useAdminEditor.ts(269,49): error TS2554: Expected 0 arguments, but got 2.
src/hooks/useAdminEditor.ts(302,55): error TS2554: Expected 0 arguments, but got 3.
src/hooks/useAdminEditor.ts(316,57): error TS2554: Expected 0 arguments, but got 1.
src/hooks/useAdminEditor.ts(333,57): error TS2554: Expected 0 arguments, but got 2.
src/hooks/useAdminEditor.ts(346,45): error TS2554: Expected 0 arguments, but got 1.
src/hooks/useAnalysisPipeline.ts(708,34): error TS2345: Argument of type 'CategorySuggestion[]' is not assignable to parameter of type 'string[]'.
  Type 'CategorySuggestion' is not assignable to type 'string'.
src/hooks/useChat.ts(2,32): error TS2307: Cannot find module '../context/ChatContext' or its corresponding type declarations.
src/hooks/useContractStorage.ts(122,9): error TS2322: Type '{ totalClauses: number; generalCount: number; particularCount: number; }' is not assignable to type '{ totalClauses: number; generalCount: number; particularCount: number; highRiskCount: number; conflictCount: number; timeSensitiveCount?: number; } | { totalClauses: number; generalCount: number; particularCount: number; highRiskCount: number; conflictCount: number; timeSensitiveCount?: number; }'.
  Type '{ totalClauses: number; generalCount: number; particularCount: number; }' is missing the following properties from type '{ totalClauses: number; generalCount: number; particularCount: number; highRiskCount: number; conflictCount: number; timeSensitiveCount?: number; }': highRiskCount, conflictCount
src/pages/admin/ContractEditorPage.tsx(65,69): error TS2554: Expected 0 arguments, but got 1.
src/services/contractIngestionService.ts(77,5): error TS2322: Type 'void' is not assignable to type 'IngestionSection'.
src/services/ingestionServices.ts(15,8): error TS2614: Module '"./documentUploadService"' has no exported member 'DocumentUploadOptions'. Did you mean to use 'import DocumentUploadOptions from "./documentUploadService"' instead?
